PRIORITY IS TOO HIGH
CANNOT SET PRIORITY FOR TASK 0
IF YOU ARE USING POSIX IMPLEMENTATION
BE SURE TO BE LOGGED AS ROOT
PRIORITY IS TOO HIGH
CANNOT SET PRIORITY FOR TASK 1
IF YOU ARE USING POSIX IMPLEMENTATION
BE SURE TO BE LOGGED AS ROOT
Welcome GNC
Value Updated: 1
Begin computing : GNC
Welcome TMTC
Begin computing : GNC

